123123123
123123123
123123123
456456456
456456456
456456456
789789789
789789789
789789789
