080506010
609010807
070308020
406030702
030207090
207040308
020904080
508020109
060701040
