111222333
444555666
777888999
111222333
444555666
777888999
111222333
444555666
777888999
